mode: set
dl/cmd/dl/main.go:35.13,38.48 2 0
dl/cmd/dl/main.go:38.48,41.3 2 0
dl/cmd/dl/main.go:43.2,44.16 2 0
dl/cmd/dl/main.go:44.16,47.3 2 0
dl/cmd/dl/main.go:49.2,50.16 2 0
dl/cmd/dl/main.go:50.16,53.3 2 0
dl/cmd/dl/main.go:55.2,55.18 1 0
dl/cmd/dl/main.go:55.18,57.3 1 0
dl/cmd/dl/main.go:59.2,60.16 2 0
dl/cmd/dl/main.go:60.16,63.3 2 0
dl/cmd/dl/main.go:65.2,67.77 2 0
dl/cmd/dl/main.go:67.77,69.3 1 0
dl/cmd/dl/main.go:71.2,71.22 1 0
dl/cmd/dl/main.go:74.174,75.59 1 0
dl/cmd/dl/main.go:75.59,77.3 1 0
dl/cmd/dl/main.go:79.2,79.37 1 0
dl/cmd/dl/main.go:82.167,86.9 3 0
dl/cmd/dl/main.go:87.19,89.33 2 0
dl/cmd/dl/main.go:90.28,91.31 1 0
dl/cmd/dl/main.go:92.10,93.40 1 0
dl/cmd/dl/main.go:96.2,96.53 1 0
dl/cmd/dl/main.go:99.153,106.2 5 0
dl/cmd/dl/main.go:108.77,112.32 4 0
dl/cmd/dl/main.go:112.32,114.3 1 0
dl/cmd/dl/main.go:115.2,115.15 1 0
dl/cmd/dl/main.go:118.115,130.2 3 0
dl/cmd/dl/main.go:132.102,133.33 1 0
dl/cmd/dl/main.go:133.33,135.3 1 0
dl/cmd/dl/main.go:137.2,138.49 2 0
dl/cmd/dl/main.go:141.24,151.22 8 0
dl/cmd/dl/main.go:151.22,154.26 3 0
dl/cmd/dl/main.go:154.26,156.4 1 0
dl/cmd/dl/main.go:157.3,157.29 1 0
dl/cmd/dl/main.go:157.29,159.4 1 0
dl/cmd/dl/main.go:160.3,180.103 21 0
dl/cmd/dl/main.go:183.2,186.21 2 0
dl/cmd/dl/main.go:186.21,190.3 3 0
dl/cmd/dl/main.go:191.2,194.16 2 0
dl/cmd/dl/main.go:194.16,196.3 1 0
dl/cmd/dl/main.go:198.2,198.13 1 0
dl/cmd/release/main.go:35.13,53.21 13 0
dl/cmd/release/main.go:53.21,55.3 1 0
dl/cmd/release/main.go:55.8,58.3 2 0
dl/cmd/release/main.go:61.2,61.49 1 0
dl/cmd/release/main.go:61.49,63.3 1 0
dl/cmd/release/main.go:64.2,73.21 6 0
dl/cmd/release/main.go:73.21,75.3 1 0
dl/cmd/release/main.go:75.8,77.3 1 0
dl/cmd/release/main.go:80.2,85.52 4 0
dl/cmd/release/main.go:85.52,87.3 1 0
dl/cmd/release/main.go:90.2,101.33 7 0
dl/cmd/release/main.go:101.33,103.3 1 0
dl/cmd/release/main.go:104.2,104.15 1 0
dl/cmd/release/main.go:107.14,116.2 8 0
dl/cmd/release/main.go:118.23,120.2 1 0
dl/cmd/release/main.go:122.26,124.2 1 0
dl/cmd/release/main.go:126.26,128.2 1 0
dl/cmd/release/main.go:130.27,132.2 1 0
dl/cmd/release/main.go:134.28,137.2 2 0
dl/cmd/release/main.go:139.62,143.2 3 0
dl/cmd/release/main.go:145.59,150.2 4 0
dl/cmd/release/main.go:152.30,156.16 3 0
dl/cmd/release/main.go:156.16,159.22 3 0
dl/cmd/release/main.go:159.22,162.87 2 0
dl/cmd/release/main.go:162.87,164.5 1 0
dl/cmd/release/main.go:169.2,170.16 2 0
dl/cmd/release/main.go:170.16,173.3 1 0
dl/cmd/release/main.go:175.2,178.60 2 0
dl/cmd/release/main.go:178.60,181.3 1 0
dl/cmd/release/main.go:184.2,184.60 1 0
dl/cmd/release/main.go:184.60,186.3 1 0
dl/cmd/release/main.go:188.2,188.27 1 0
dl/cmd/release/main.go:192.41,196.81 3 0
dl/cmd/release/main.go:196.81,198.3 1 0
dl/cmd/release/main.go:199.2,199.81 1 0
dl/cmd/release/main.go:199.81,201.3 1 0
dl/cmd/release/main.go:203.2,203.22 1 0
dl/cmd/release/main.go:203.22,205.3 1 0
dl/cmd/release/main.go:206.2,206.22 1 0
dl/cmd/release/main.go:206.22,208.3 1 0
dl/cmd/release/main.go:209.2,209.24 1 0
dl/cmd/release/main.go:212.44,214.14 2 0
dl/cmd/release/main.go:214.14,216.3 1 0
dl/cmd/release/main.go:217.2,217.12 1 0
dl/cmd/release/main.go:220.20,222.16 2 0
dl/cmd/release/main.go:222.16,224.3 1 0
dl/cmd/release/main.go:226.2,228.34 3 0
dl/cmd/release/main.go:228.34,229.18 1 0
dl/cmd/release/main.go:229.18,231.9 2 0
dl/cmd/release/main.go:235.2,235.12 1 0
dl/cmd/release/main.go:235.12,237.35 2 0
dl/cmd/release/main.go:237.35,239.4 1 0
dl/cmd/release/main.go:241.2,241.47 1 0
dl/cmd/release/main.go:244.19,246.18 2 0
dl/cmd/release/main.go:246.18,255.22 8 0
dl/cmd/release/main.go:255.22,257.4 1 0
dl/cmd/release/main.go:259.3,260.63 2 0
dl/cmd/release/main.go:260.63,262.4 1 0
dl/cmd/release/main.go:264.3,265.77 2 0
dl/cmd/release/main.go:265.77,267.4 1 0
dl/cmd/release/main.go:269.3,270.68 2 0
dl/cmd/release/main.go:270.68,272.4 1 0
dl/cmd/release/main.go:274.3,274.42 1 0
dl/cmd/release/main.go:275.8,277.3 1 0
dl/cmd/release/main.go:280.31,283.16 3 0
dl/cmd/release/main.go:283.16,285.3 1 0
dl/cmd/release/main.go:286.2,286.50 1 0
dl/cmd/release/main.go:289.37,291.16 2 0
dl/cmd/release/main.go:291.16,293.35 2 0
dl/cmd/release/main.go:293.35,295.4 1 0
dl/cmd/release/main.go:296.3,296.9 1 0
dl/cmd/release/main.go:299.2,299.49 1 0
dl/cmd/release/main.go:299.49,301.35 2 0
dl/cmd/release/main.go:301.35,303.4 1 0
dl/cmd/release/main.go:304.8,306.3 1 0
dl/cmd/release/main.go:309.17,314.16 3 0
dl/cmd/release/main.go:314.16,317.3 1 0
dl/cmd/release/main.go:319.2,319.16 1 0
dl/cmd/release/main.go:319.16,321.3 1 0
dl/cmd/release/main.go:322.2,322.29 1 0
dl/cmd/release/main.go:325.41,328.77 2 0
dl/cmd/release/main.go:328.77,330.3 1 0
dl/cmd/release/main.go:331.2,336.16 4 0
dl/cmd/release/main.go:336.16,339.3 1 0
dl/cmd/release/main.go:340.2,340.16 1 0
dl/cmd/release/main.go:340.16,342.3 1 0
dl/cmd/release/main.go:343.2,346.67 2 0
dl/cmd/release/main.go:346.67,348.3 1 0
dl/cmd/release/main.go:349.2,349.109 1 0
dl/cmd/release/main.go:349.109,351.3 1 0
dl/cmd/release/main.go:352.2,352.67 1 0
dl/cmd/release/main.go:352.67,354.3 1 0
dl/cmd/release/main.go:355.2,355.46 1 0
dl/cmd/release/main.go:358.48,360.43 1 0
dl/cmd/release/main.go:360.43,362.3 1 0
dl/cmd/release/main.go:365.2,365.43 1 0
dl/cmd/release/main.go:365.43,367.3 1 0
dl/cmd/release/main.go:370.2,370.61 1 0
dl/cmd/release/main.go:370.61,372.3 1 0
dl/cmd/release/main.go:374.2,374.58 1 0
dl/cmd/release/main.go:377.31,379.17 2 0
dl/cmd/release/main.go:379.17,381.3 1 0
dl/cmd/release/main.go:383.2,384.12 2 0
dl/cmd/release/main.go:387.38,393.33 4 0
dl/cmd/release/main.go:393.33,395.3 1 0
dl/cmd/release/main.go:396.2,398.12 3 0
dl/cmd/release/main.go:401.31,404.16 3 0
dl/cmd/release/main.go:404.16,406.3 1 0
dl/cmd/release/main.go:408.2,408.18 1 0
dl/cmd/release/main.go:408.18,410.3 1 0
dl/cmd/release/main.go:412.2,413.12 2 0
dl/cmd/release/main.go:416.45,418.16 2 0
dl/cmd/release/main.go:418.16,420.3 1 0
dl/cmd/release/main.go:422.2,422.109 1 0
dl/cmd/release/main.go:422.109,426.3 2 0
dl/cmd/release/main.go:428.2,428.19 1 0
dl/cmd/release/main.go:431.32,433.105 2 0
dl/cmd/release/main.go:433.105,435.3 1 0
dl/cmd/release/main.go:436.2,437.12 2 0
dl/cmd/release/main.go:440.55,446.11 4 0
dl/cmd/release/main.go:446.11,448.3 1 0
dl/cmd/release/main.go:450.2,450.65 1 0
dl/cmd/release/main.go:450.65,452.3 1 0
dl/cmd/release/main.go:454.2,454.12 1 0
dl/cmd/release/main.go:457.35,459.16 2 0
dl/cmd/release/main.go:459.16,461.3 1 0
dl/cmd/release/main.go:464.2,468.21 4 0
dl/cmd/release/main.go:471.44,475.11 3 0
dl/cmd/release/main.go:475.11,478.3 2 0
dl/cmd/release/main.go:480.2,481.85 2 0
dl/cmd/release/main.go:481.85,483.3 1 0
dl/cmd/release/main.go:484.2,487.72 3 0
dl/cmd/release/main.go:487.72,489.3 1 0
dl/cmd/release/main.go:490.2,490.33 1 0
dl/cmd/release/main.go:493.27,495.16 2 0
dl/cmd/release/main.go:495.16,497.3 1 0
dl/cmd/release/main.go:498.2,501.16 3 0
dl/cmd/release/main.go:501.16,503.3 1 0
dl/cmd/release/main.go:503.8,505.3 1 0
dl/cmd/release/main.go:508.50,513.19 5 0
dl/cmd/release/main.go:513.19,515.3 1 0
dl/cmd/release/main.go:516.2,516.16 1 0
dl/cmd/release/main.go:519.34,521.2 1 0
dl/cmd/release/main.go:523.58,527.16 3 0
dl/cmd/release/main.go:527.16,529.3 1 0
dl/cmd/release/main.go:531.2,536.20 4 0
dl/cmd/release/main.go:536.20,538.3 1 0
dl/cmd/release/main.go:540.2,540.45 1 0
dl/pkg/config/config.go:43.47,45.16 2 1
dl/pkg/config/config.go:45.16,47.3 1 0
dl/pkg/config/config.go:49.2,50.16 2 1
dl/pkg/config/config.go:50.16,52.3 1 0
dl/pkg/config/config.go:54.2,55.16 2 1
dl/pkg/config/config.go:55.16,57.3 1 0
dl/pkg/config/config.go:59.2,59.48 1 1
dl/pkg/config/config.go:59.48,61.3 1 0
dl/pkg/config/config.go:63.2,65.17 2 1
dl/pkg/config/config.go:68.58,70.43 2 1
dl/pkg/config/config.go:70.43,72.17 2 0
dl/pkg/config/config.go:72.17,74.4 1 0
dl/pkg/config/config.go:75.3,75.55 1 0
dl/pkg/config/config.go:77.2,77.26 1 1
dl/pkg/config/config.go:80.71,84.51 3 1
dl/pkg/config/config.go:84.51,86.3 1 0
dl/pkg/config/config.go:88.2,88.18 1 1
dl/pkg/config/config.go:91.44,93.22 1 1
dl/pkg/config/config.go:93.22,97.3 3 1
dl/pkg/config/config.go:100.2,100.46 1 1
dl/pkg/config/config.go:103.65,104.20 1 1
dl/pkg/config/config.go:104.20,106.3 1 0
dl/pkg/config/config.go:108.2,108.33 1 1
dl/pkg/config/config.go:108.33,112.25 4 1
dl/pkg/config/config.go:112.25,114.4 1 0
dl/pkg/config/config.go:116.3,116.26 1 1
dl/pkg/config/config.go:116.26,118.4 1 1
dl/pkg/config/config.go:121.2,121.12 1 1
dl/pkg/config/config.go:124.71,126.36 2 1
dl/pkg/config/config.go:126.36,127.23 1 1
dl/pkg/config/config.go:127.23,129.4 1 1
dl/pkg/config/config.go:131.2,131.22 1 1
dl/pkg/config/config.go:135.37,137.2 1 1
dl/pkg/config/config.go:140.48,141.42 1 1
dl/pkg/config/config.go:141.42,143.3 1 1
dl/pkg/config/config.go:144.2,144.26 1 1
dl/pkg/config/config.go:148.49,149.43 1 1
dl/pkg/config/config.go:149.43,151.3 1 1
dl/pkg/config/config.go:152.2,152.27 1 1
dl/pkg/config/config.go:156.49,157.43 1 1
dl/pkg/config/config.go:157.43,159.3 1 1
dl/pkg/config/config.go:160.2,160.27 1 1
dl/pkg/config/config.go:164.50,166.36 2 1
dl/pkg/config/config.go:166.36,168.3 1 1
dl/pkg/config/config.go:169.2,169.14 1 1
dl/pkg/util/util.go:13.19,15.16 2 1
dl/pkg/util/util.go:15.16,17.3 1 0
dl/pkg/util/util.go:18.2,18.69 1 1
dl/pkg/util/util.go:22.42,23.13 1 1
dl/pkg/util/util.go:23.13,25.3 1 1
dl/pkg/util/util.go:27.2,29.13 2 1
dl/pkg/util/util.go:29.13,32.3 2 1
dl/pkg/util/util.go:32.8,36.3 3 1
dl/pkg/util/util.go:38.2,38.38 1 1
dl/pkg/util/util.go:38.38,41.61 2 1
dl/pkg/util/util.go:41.61,43.4 1 1
dl/pkg/util/util.go:45.3,45.22 1 1
dl/pkg/util/util.go:45.22,47.4 1 1
dl/pkg/util/util.go:48.3,48.57 1 0
dl/pkg/util/util.go:51.2,51.12 1 1
dl/pkg/util/util.go:55.48,58.16 3 1
dl/pkg/util/util.go:58.16,60.3 1 1
dl/pkg/util/util.go:61.2,61.47 1 1
dl/pkg/util/util.go:66.79,68.42 2 0
dl/pkg/util/util.go:68.42,70.3 1 0
dl/pkg/util/util.go:71.2,74.55 2 0
dl/pkg/util/util.go:74.55,76.43 2 0
dl/pkg/util/util.go:76.43,78.4 1 0
dl/pkg/util/util.go:82.2,83.16 2 0
dl/pkg/util/util.go:83.16,85.3 1 0
dl/pkg/util/util.go:87.2,87.14 1 0
dl/pkg/util/util.go:87.14,89.43 2 0
dl/pkg/util/util.go:89.43,91.4 1 0
dl/pkg/util/util.go:94.2,94.24 1 0
dl/pkg/util/util.go:99.65,101.38 1 1
dl/pkg/util/util.go:101.38,103.3 1 1
dl/pkg/util/util.go:105.2,106.21 2 1
dl/pkg/util/util.go:106.21,108.3 1 0
dl/pkg/util/util.go:109.2,109.32 1 1
dl/pkg/util/util.go:113.32,114.14 1 0
dl/pkg/util/util.go:114.14,116.3 1 0
dl/pkg/util/util.go:119.2,121.16 3 0
dl/pkg/util/util.go:121.16,123.3 1 0
dl/pkg/util/util.go:124.2,129.16 4 0
dl/pkg/util/util.go:129.16,131.3 1 0
dl/pkg/util/util.go:133.2,133.47 1 0
dl/pkg/util/util.go:137.38,139.16 2 1
dl/pkg/util/util.go:139.16,141.3 1 1
dl/pkg/util/util.go:142.2,146.16 3 1
dl/pkg/util/util.go:146.16,148.3 1 1
dl/pkg/util/util.go:151.2,152.16 2 1
dl/pkg/util/util.go:152.16,156.3 2 0
dl/pkg/util/util.go:159.2,159.40 1 1
dl/pkg/util/util.go:159.40,163.3 2 0
dl/pkg/util/util.go:166.2,166.41 1 1
dl/pkg/util/util.go:166.41,168.3 1 0
dl/pkg/util/util.go:170.2,170.12 1 1
dl/pkg/util/util_unix.go:13.46,16.16 2 1
dl/pkg/util/util_unix.go:16.16,17.25 1 1
dl/pkg/util/util_unix.go:17.25,19.4 1 1
dl/pkg/util/util_unix.go:20.3,20.70 1 0
dl/pkg/util/util_unix.go:24.2,26.16 3 1
dl/pkg/util/util_unix.go:26.16,27.25 1 0
dl/pkg/util/util_unix.go:27.25,29.4 1 0
dl/pkg/util/util_unix.go:30.3,30.88 1 0
dl/pkg/util/util_unix.go:34.2,38.9 4 1
dl/pkg/util/util_unix.go:38.9,40.3 1 0
dl/pkg/util/util_unix.go:41.2,42.9 2 1
dl/pkg/util/util_unix.go:42.9,44.3 1 0
dl/pkg/util/util_unix.go:46.2,49.34 3 1
dl/pkg/downloader/downloader.go:42.37,44.2 1 1
dl/pkg/downloader/downloader.go:47.53,50.20 2 1
dl/pkg/downloader/downloader.go:50.20,52.3 1 0
dl/pkg/downloader/downloader.go:52.8,54.3 1 1
dl/pkg/downloader/downloader.go:55.2,59.20 3 1
dl/pkg/downloader/downloader.go:59.20,62.3 2 0
dl/pkg/downloader/downloader.go:64.2,65.16 2 1
dl/pkg/downloader/downloader.go:65.16,67.22 1 1
dl/pkg/downloader/downloader.go:67.22,68.48 1 1
dl/pkg/downloader/downloader.go:68.48,70.5 1 1
dl/pkg/downloader/downloader.go:72.3,72.65 1 1
dl/pkg/downloader/downloader.go:76.2,77.54 2 1
dl/pkg/downloader/downloader.go:77.54,79.3 1 0
dl/pkg/downloader/downloader.go:82.2,83.9 2 1
dl/pkg/downloader/downloader.go:83.9,85.3 1 0
dl/pkg/downloader/downloader.go:88.2,98.21 7 1
dl/pkg/downloader/downloader.go:98.21,100.3 1 0
dl/pkg/downloader/downloader.go:102.2,102.18 1 1
dl/pkg/downloader/downloader.go:106.49,108.16 2 0
dl/pkg/downloader/downloader.go:108.16,110.3 1 0
dl/pkg/downloader/downloader.go:112.2,112.47 1 0
dl/pkg/downloader/downloader.go:112.47,114.3 1 0
dl/pkg/downloader/downloader.go:116.2,117.16 2 0
dl/pkg/downloader/downloader.go:117.16,119.3 1 0
dl/pkg/downloader/downloader.go:121.2,121.45 1 0
dl/pkg/downloader/downloader.go:121.45,123.3 1 0
dl/pkg/downloader/downloader.go:125.2,126.39 2 0
dl/pkg/downloader/downloader.go:129.49,131.29 1 0
dl/pkg/downloader/downloader.go:131.29,133.3 1 0
dl/pkg/downloader/downloader.go:134.2,134.12 1 0
dl/pkg/downloader/downloader.go:137.101,138.26 1 0
dl/pkg/downloader/downloader.go:139.11,140.35 1 0
dl/pkg/downloader/downloader.go:141.13,142.37 1 0
dl/pkg/downloader/downloader.go:143.10,144.77 1 0
dl/pkg/downloader/downloader.go:148.99,162.2 6 0
dl/pkg/downloader/downloader.go:164.101,178.2 6 0
dl/pkg/downloader/downloader.go:180.62,181.13 1 0
dl/pkg/downloader/downloader.go:181.13,183.3 1 0
dl/pkg/downloader/downloader.go:184.2,184.49 1 0
dl/pkg/downloader/downloader.go:187.56,188.20 1 0
dl/pkg/downloader/downloader.go:188.20,190.3 1 0
dl/pkg/downloader/downloader.go:192.2,200.16 6 0
dl/pkg/downloader/downloader.go:200.16,202.47 1 0
dl/pkg/downloader/downloader.go:202.47,204.4 1 0
dl/pkg/downloader/downloader.go:205.3,205.13 1 0
dl/pkg/downloader/downloader.go:208.2,208.72 1 0
dl/pkg/downloader/downloader.go:211.100,216.21 4 0
dl/pkg/downloader/downloader.go:216.21,218.3 1 0
dl/pkg/downloader/downloader.go:219.2,219.21 1 0
dl/pkg/downloader/downloader.go:219.21,221.3 1 0
dl/pkg/downloader/downloader.go:224.2,225.16 2 0
dl/pkg/downloader/downloader.go:225.16,227.3 1 0
dl/pkg/downloader/downloader.go:229.2,229.44 1 0
dl/pkg/downloader/downloader.go:232.65,233.9 1 0
dl/pkg/downloader/downloader.go:234.88,235.61 1 0
dl/pkg/downloader/downloader.go:236.101,237.63 1 0
dl/pkg/downloader/downloader.go:238.83,239.38 1 0
dl/pkg/downloader/downloader.go:240.91,241.64 1 0
dl/pkg/downloader/downloader.go:242.10,243.12 1 0
dl/pkg/downloader/downloader.go:247.68,249.31 2 0
dl/pkg/downloader/downloader.go:249.31,251.3 1 0
dl/pkg/downloader/downloader.go:252.2,252.19 1 0
dl/pkg/downloader/downloader.go:255.74,257.31 1 0
dl/pkg/downloader/downloader.go:257.31,259.46 2 0
dl/pkg/downloader/downloader.go:259.46,260.46 1 0
dl/pkg/downloader/downloader.go:260.46,262.5 1 0
dl/pkg/downloader/downloader.go:266.2,266.24 1 0
dl/pkg/downloader/downloader.go:271.26,274.34 2 0
dl/pkg/downloader/downloader.go:274.34,276.3 1 0
dl/pkg/downloader/downloader.go:279.2,287.46 8 0
dl/pkg/downloader/downloader.go:292.25,295.34 2 1
dl/pkg/downloader/downloader.go:295.34,297.3 1 1
dl/pkg/downloader/downloader.go:300.2,309.20 7 0
dl/pkg/downloader/downloader.go:309.20,311.51 1 0
dl/pkg/downloader/downloader.go:311.51,313.4 1 0
dl/pkg/downloader/downloader.go:316.2,316.20 1 0
dl/pkg/downloader/downloader.go:316.20,320.23 3 0
dl/pkg/downloader/downloader.go:320.23,322.4 1 0
dl/pkg/downloader/downloader.go:324.3,330.47 6 0
dl/pkg/downloader/downloader.go:330.47,332.51 1 0
dl/pkg/downloader/downloader.go:332.51,334.5 1 0
dl/pkg/downloader/downloader.go:336.4,336.287 1 0
dl/pkg/downloader/downloader.go:340.2,344.40 3 0
dl/pkg/downloader/downloader.go:344.40,346.47 2 0
dl/pkg/downloader/downloader.go:346.47,348.4 1 0
dl/pkg/downloader/downloader.go:349.3,349.162 1 0
dl/pkg/downloader/downloader.go:352.2,352.12 1 0
dl/pkg/remote/remote.go:34.52,39.2 1 1
dl/pkg/remote/remote.go:42.73,43.35 1 1
dl/pkg/remote/remote.go:43.35,44.16 1 1
dl/pkg/remote/remote.go:44.16,46.4 1 0
dl/pkg/remote/remote.go:47.3,47.13 1 1
dl/pkg/remote/remote.go:51.2,58.54 5 1
dl/pkg/remote/remote.go:58.54,60.42 2 1
dl/pkg/remote/remote.go:60.42,63.4 2 1
dl/pkg/remote/remote.go:67.2,73.64 3 1
dl/pkg/remote/remote.go:73.64,75.3 1 1
dl/pkg/remote/remote.go:77.2,77.12 1 0
dl/pkg/remote/remote.go:81.158,82.79 1 1
dl/pkg/remote/remote.go:82.79,89.3 5 1
dl/pkg/remote/remote.go:89.8,95.3 4 0
dl/pkg/remote/remote.go:99.55,102.9 2 1
dl/pkg/remote/remote.go:103.102,104.50 1 0
dl/pkg/remote/remote.go:105.109,106.70 1 0
dl/pkg/remote/remote.go:107.106,108.61 1 0
dl/pkg/remote/remote.go:109.51,110.80 1 0
dl/pkg/remote/remote.go:111.50,112.64 1 0
dl/pkg/remote/remote.go:113.10,114.12 1 1
dl/pkg/remote/remote.go:119.107,122.16 2 1
dl/pkg/remote/remote.go:122.16,124.3 1 1
dl/pkg/remote/remote.go:126.2,128.23 2 1
dl/pkg/remote/remote.go:129.15,130.66 1 0
dl/pkg/remote/remote.go:131.13,132.64 1 1
dl/pkg/remote/remote.go:133.10,134.126 1 1
dl/pkg/remote/remote.go:139.88,140.17 1 1
dl/pkg/remote/remote.go:141.19,142.24 1 1
dl/pkg/remote/remote.go:142.24,144.4 1 1
dl/pkg/remote/remote.go:145.3,145.26 1 1
dl/pkg/remote/remote.go:146.21,147.25 1 1
dl/pkg/remote/remote.go:147.25,149.4 1 1
dl/pkg/remote/remote.go:150.3,150.27 1 1
dl/pkg/remote/remote.go:151.21,152.25 1 1
dl/pkg/remote/remote.go:152.25,154.4 1 1
dl/pkg/remote/remote.go:155.3,155.27 1 1
dl/pkg/remote/remote.go:156.10,157.43 1 0
dl/pkg/remote/remote.go:162.86,164.16 2 1
dl/pkg/remote/remote.go:164.16,166.3 1 1
dl/pkg/remote/remote.go:168.2,169.16 2 0
dl/pkg/remote/remote.go:169.16,171.3 1 0
dl/pkg/remote/remote.go:173.2,176.61 3 0
dl/pkg/remote/remote.go:176.61,178.3 1 0
dl/pkg/remote/remote.go:180.2,180.12 1 0
dl/pkg/remote/remote.go:184.84,189.49 4 1
dl/pkg/remote/remote.go:189.49,191.3 1 1
dl/pkg/remote/remote.go:193.2,193.12 1 0
